Archive member included to satisfy reference by file (symbol)

C:/ST/STM32CubeIDE_1.13.0/STM32CubeIDE/plugins/com.st.stm32cube.ide.mcu.externaltools.gnu-tools-for-stm32.11.3.rel1.win32_1.1.0.202305231506/tools/bin/../lib/gcc/arm-none-eabi/11.3.1/../../../../arm-none-eabi/lib/thumb/v7e-m+fp/hard\libc_nano.a(libc_a-exit.o)
                              C:/ST/STM32CubeIDE_1.13.0/STM32CubeIDE/plugins/com.st.stm32cube.ide.mcu.externaltools.gnu-tools-for-stm32.11.3.rel1.win32_1.1.0.202305231506/tools/bin/../lib/gcc/arm-none-eabi/11.3.1/../../../../arm-none-eabi/lib/thumb/v7e-m+fp/hard/crt0.o (exit)
C:/ST/STM32CubeIDE_1.13.0/STM32CubeIDE/plugins/com.st.stm32cube.ide.mcu.externaltools.gnu-tools-for-stm32.11.3.rel1.win32_1.1.0.202305231506/tools/bin/../lib/gcc/arm-none-eabi/11.3.1/../../../../arm-none-eabi/lib/thumb/v7e-m+fp/hard\libc_nano.a(libc_a-findfp.o)
                              C:/ST/STM32CubeIDE_1.13.0/STM32CubeIDE/plugins/com.st.stm32cube.ide.mcu.externaltools.gnu-tools-for-stm32.11.3.rel1.win32_1.1.0.202305231506/tools/bin/../lib/gcc/arm-none-eabi/11.3.1/../../../../arm-none-eabi/lib/thumb/v7e-m+fp/hard\libc_nano.a(libc_a-exit.o) (__stdio_exit_handler)
C:/ST/STM32CubeIDE_1.13.0/STM32CubeIDE/plugins/com.st.stm32cube.ide.mcu.externaltools.gnu-tools-for-stm32.11.3.rel1.win32_1.1.0.202305231506/tools/bin/../lib/gcc/arm-none-eabi/11.3.1/../../../../arm-none-eabi/lib/thumb/v7e-m+fp/hard\libc_nano.a(libc_a-fwalk.o)
                              C:/ST/STM32CubeIDE_1.13.0/STM32CubeIDE/plugins/com.st.stm32cube.ide.mcu.externaltools.gnu-tools-for-stm32.11.3.rel1.win32_1.1.0.202305231506/tools/bin/../lib/gcc/arm-none-eabi/11.3.1/../../../../arm-none-eabi/lib/thumb/v7e-m+fp/hard\libc_nano.a(libc_a-findfp.o) (_fwalk_sglue)
C:/ST/STM32CubeIDE_1.13.0/STM32CubeIDE/plugins/com.st.stm32cube.ide.mcu.externaltools.gnu-tools-for-stm32.11.3.rel1.win32_1.1.0.202305231506/tools/bin/../lib/gcc/arm-none-eabi/11.3.1/../../../../arm-none-eabi/lib/thumb/v7e-m+fp/hard\libc_nano.a(libc_a-stdio.o)
                              C:/ST/STM32CubeIDE_1.13.0/STM32CubeIDE/plugins/com.st.stm32cube.ide.mcu.externaltools.gnu-tools-for-stm32.11.3.rel1.win32_1.1.0.202305231506/tools/bin/../lib/gcc/arm-none-eabi/11.3.1/../../../../arm-none-eabi/lib/thumb/v7e-m+fp/hard\libc_nano.a(libc_a-findfp.o) (__sread)
C:/ST/STM32CubeIDE_1.13.0/STM32CubeIDE/plugins/com.st.stm32cube.ide.mcu.externaltools.gnu-tools-for-stm32.11.3.rel1.win32_1.1.0.202305231506/tools/bin/../lib/gcc/arm-none-eabi/11.3.1/../../../../arm-none-eabi/lib/thumb/v7e-m+fp/hard\libc_nano.a(libc_a-memset.o)
                              C:/ST/STM32CubeIDE_1.13.0/STM32CubeIDE/plugins/com.st.stm32cube.ide.mcu.externaltools.gnu-tools-for-stm32.11.3.rel1.win32_1.1.0.202305231506/tools/bin/../lib/gcc/arm-none-eabi/11.3.1/../../../../arm-none-eabi/lib/thumb/v7e-m+fp/hard/crt0.o (memset)
C:/ST/STM32CubeIDE_1.13.0/STM32CubeIDE/plugins/com.st.stm32cube.ide.mcu.externaltools.gnu-tools-for-stm32.11.3.rel1.win32_1.1.0.202305231506/tools/bin/../lib/gcc/arm-none-eabi/11.3.1/../../../../arm-none-eabi/lib/thumb/v7e-m+fp/hard\libc_nano.a(libc_a-closer.o)
                              C:/ST/STM32CubeIDE_1.13.0/STM32CubeIDE/plugins/com.st.stm32cube.ide.mcu.externaltools.gnu-tools-for-stm32.11.3.rel1.win32_1.1.0.202305231506/tools/bin/../lib/gcc/arm-none-eabi/11.3.1/../../../../arm-none-eabi/lib/thumb/v7e-m+fp/hard\libc_nano.a(libc_a-stdio.o) (_close_r)
C:/ST/STM32CubeIDE_1.13.0/STM32CubeIDE/plugins/com.st.stm32cube.ide.mcu.externaltools.gnu-tools-for-stm32.11.3.rel1.win32_1.1.0.202305231506/tools/bin/../lib/gcc/arm-none-eabi/11.3.1/../../../../arm-none-eabi/lib/thumb/v7e-m+fp/hard\libc_nano.a(libc_a-reent.o)
                              C:/ST/STM32CubeIDE_1.13.0/STM32CubeIDE/plugins/com.st.stm32cube.ide.mcu.externaltools.gnu-tools-for-stm32.11.3.rel1.win32_1.1.0.202305231506/tools/bin/../lib/gcc/arm-none-eabi/11.3.1/../../../../arm-none-eabi/lib/thumb/v7e-m+fp/hard\libc_nano.a(libc_a-closer.o) (errno)
C:/ST/STM32CubeIDE_1.13.0/STM32CubeIDE/plugins/com.st.stm32cube.ide.mcu.externaltools.gnu-tools-for-stm32.11.3.rel1.win32_1.1.0.202305231506/tools/bin/../lib/gcc/arm-none-eabi/11.3.1/../../../../arm-none-eabi/lib/thumb/v7e-m+fp/hard\libc_nano.a(libc_a-impure.o)
                              C:/ST/STM32CubeIDE_1.13.0/STM32CubeIDE/plugins/com.st.stm32cube.ide.mcu.externaltools.gnu-tools-for-stm32.11.3.rel1.win32_1.1.0.202305231506/tools/bin/../lib/gcc/arm-none-eabi/11.3.1/../../../../arm-none-eabi/lib/thumb/v7e-m+fp/hard\libc_nano.a(libc_a-reent.o) (_impure_ptr)
C:/ST/STM32CubeIDE_1.13.0/STM32CubeIDE/plugins/com.st.stm32cube.ide.mcu.externaltools.gnu-tools-for-stm32.11.3.rel1.win32_1.1.0.202305231506/tools/bin/../lib/gcc/arm-none-eabi/11.3.1/../../../../arm-none-eabi/lib/thumb/v7e-m+fp/hard\libc_nano.a(libc_a-lseekr.o)
[...]
Memory Configuration

Name             Origin             Length             Attributes
CCMRAM           0x0000000010000000 0x0000000000010000 xrw
RAM              0x0000000020000000 0x0000000000030000 xrw
FLASH            0x0000000008000000 0x0000000000200000 xr
*default*        0x0000000000000000 0xffffffffffffffff

Linker script and memory map

LOAD C:/ST/STM32CubeIDE_1.13.0/STM32CubeIDE/plugins/com.st.stm32cube.ide.mcu.externaltools.gnu-tools-for-stm32.11.3.rel1.win32_1.1.0.202305231506/tools/bin/../lib/gcc/arm-none-eabi/11.3.1/thumb/v7e-m+fp/hard/crti.o
LOAD C:/ST/STM32CubeIDE_1.13.0/STM32CubeIDE/plugins/com.st.stm32cube.ide.mcu.externaltools.gnu-tools-for-stm32.11.3.rel1.win32_1.1.0.202305231506/tools/bin/../lib/gcc/arm-none-eabi/11.3.1/thumb/v7e-m+fp/hard/crtbegin.o
LOAD C:/ST/STM32CubeIDE_1.13.0/STM32CubeIDE/plugins/com.st.stm32cube.ide.mcu.externaltools.gnu-tools-for-stm32.11.3.rel1.win32_1.1.0.202305231506/tools/bin/../lib/gcc/arm-none-eabi/11.3.1/../../../../arm-none-eabi/lib/thumb/v7e-m+fp/hard/crt0.o
LOAD ./App/Screens/Src/screen_home.o
LOAD ./App/Screens/Src/screen_setup.o
LOAD ./Core/Src/FMC_SDRAM.o
LOAD ./Core/Src/gpio.o
LOAD ./Core/Src/main.o
LOAD ./Core/Src/stm32f4xx_hal_msp.o
LOAD ./Core/Src/stm32f4xx_it.o
LOAD ./Core/Src/syscalls.o
LOAD ./Core/Src/sysmem.o
LOAD ./Core/Src/system_clock.o
LOAD ./Core/Src/system_stm32f4xx.o
LOAD ./Core/Startup/startup_stm32f429zitx.o
LOAD ./Drivers/STM32F4xx_HAL_Driver/Src/stm32f4xx_hal.o
LOAD ./Drivers/STM32F4xx_HAL_Driver/Src/stm32f4xx_hal_cortex.o
LOAD ./Drivers/STM32F4xx_HAL_Driver/Src/stm32f4xx_hal_dma.o
LOAD ./Drivers/STM32F4xx_HAL_Driver/Src/stm32f4xx_hal_dma_ex.o
LOAD ./Drivers/STM32F4xx_HAL_Driver/Src/stm32f4xx_hal_dsi.o
LOAD ./Drivers/STM32F4xx_HAL_Driver/Src/stm32f4xx_hal_exti.o
LOAD ./Drivers/STM32F4xx_HAL_Driver/Src/stm32f4xx_hal_flash.o
LOAD ./Drivers/STM32F4xx_HAL_Driver/Src/stm32f4xx_hal_flash_ex.o
LOAD ./Drivers/STM32F4xx_HAL_Driver/Src/stm32f4xx_hal_flash_ramfunc.o
LOAD ./Drivers/STM32F4xx_HAL_Driver/Src/stm32f4xx_hal_gpio.o
LOAD ./Drivers/STM32F4xx_HAL_Driver/Src/stm32f4xx_hal_ltdc.o
LOAD ./Drivers/STM32F4xx_HAL_Driver/Src/stm32f4xx_hal_ltdc_ex.o
LOAD ./Drivers/STM32F4xx_HAL_Driver/Src/stm32f4xx_hal_pwr.o
LOAD ./Drivers/STM32F4xx_HAL_Driver/Src/stm32f4xx_hal_pwr_ex.o
LOAD ./Drivers/STM32F4xx_HAL_Driver/Src/stm32f4xx_hal_rcc.o
LOAD ./Drivers/STM32F4xx_HAL_Driver/Src/stm32f4xx_hal_rcc_ex.o
LOAD ./Drivers/STM32F4xx_HAL_Driver/Src/stm32f4xx_hal_sdram.o
LOAD ./Drivers/STM32F4xx_HAL_Driver/Src/stm32f4xx_hal_tim.o
LOAD ./Drivers/STM32F4xx_HAL_Driver/Src/stm32f4xx_hal_tim_ex.o
LOAD ./Drivers/STM32F4xx_HAL_Driver/Src/stm32f4xx_ll_exti.o
LOAD ./Drivers/STM32F4xx_HAL_Driver/Src/stm32f4xx_ll_fmc.o
LOAD ./Drivers/STM32F4xx_HAL_Driver/Src/stm32f4xx_ll_gpio.o
LOAD ./Drivers/STM32F4xx_HAL_Driver/Src/stm32f4xx_ll_rcc.o
LOAD ./Drivers/STM32F4xx_HAL_Driver/Src/stm32f4xx_ll_spi.o
LOAD ./Drivers/STM32F4xx_HAL_Driver/Src/stm32f4xx_ll_utils.o
LOAD ./Graphics/Src/BritannicBold18pts.o
LOAD ./Graphics/Src/CenturyGothic18pts.o
LOAD ./Graphics/Src/LTDC.o
LOAD ./Graphics/Src/TimesNewRoman18pts_Bold.o
LOAD ./Graphics/Src/TimesNewRoman48pts.o
LOAD ./Graphics/Src/TimesNewRoman8pts_Bold.o
LOAD ./Screens/Src/screen_home.o
LOAD ./Screens/Src/screen_setup.o
START GROUP
LOAD C:/ST/STM32CubeIDE_1.13.0/STM32CubeIDE/plugins/com.st.stm32cube.ide.mcu.externaltools.gnu-tools-for-stm32.11.3.rel1.win32_1.1.0.202305231506/tools/bin/../lib/gcc/arm-none-eabi/11.3.1/../../../../arm-none-eabi/lib/thumb/v7e-m+fp/hard\libc_nano.a
LOAD C:/ST/STM32CubeIDE_1.13.0/STM32CubeIDE/plugins/com.st.stm32cube.ide.mcu.externaltools.gnu-tools-for-stm32.11.3.rel1.win32_1.1.0.202305231506/tools/bin/../lib/gcc/arm-none-eabi/11.3.1/../../../../arm-none-eabi/lib/thumb/v7e-m+fp/hard\libm.a
END GROUP
START GROUP
LOAD C:/ST/STM32CubeIDE_1.13.0/STM32CubeIDE/plugins/com.st.stm32cube.ide.mcu.externaltools.gnu-tools-for-stm32.11.3.rel1.win32_1.1.0.202305231506/tools/bin/../lib/gcc/arm-none-eabi/11.3.1/thumb/v7e-m+fp/hard\libgcc.a
LOAD C:/ST/STM32CubeIDE_1.13.0/STM32CubeIDE/plugins/com.st.stm32cube.ide.mcu.externaltools.gnu-tools-for-stm32.11.3.rel1.win32_1.1.0.202305231506/tools/bin/../lib/gcc/arm-none-eabi/11.3.1/../../../../arm-none-eabi/lib/thumb/v7e-m+fp/hard\libc_nano.a
END GROUP
START GROUP
LOAD C:/ST/STM32CubeIDE_1.13.0/STM32CubeIDE/plugins/com.st.stm32cube.ide.mcu.externaltools.gnu-tools-for-stm32.11.3.rel1.win32_1.1.0.202305231506/tools/bin/../lib/gcc/arm-none-eabi/11.3.1/thumb/v7e-m+fp/hard\libgcc.a
LOAD C:/ST/STM32CubeIDE_1.13.0/STM32CubeIDE/plugins/com.st.stm32cube.ide.mcu.externaltools.gnu-tools-for-stm32.11.3.rel1.win32_1.1.0.202305231506/tools/bin/../lib/gcc/arm-none-eabi/11.3.1/../../../../arm-none-eabi/lib/thumb/v7e-m+fp/hard\libc_nano.a
LOAD C:/ST/STM32CubeIDE_1.13.0/STM32CubeIDE/plugins/com.st.stm32cube.ide.mcu.externaltools.gnu-tools-for-stm32.11.3.rel1.win32_1.1.0.202305231506/tools/bin/../lib/gcc/arm-none-eabi/11.3.1/../../../../arm-none-eabi/lib/thumb/v7e-m+fp/hard\libnosys.a
END GROUP
START GROUP
LOAD C:/ST/STM32CubeIDE_1.13.0/STM32CubeIDE/plugins/com.st.stm32cube.ide.mcu.externaltools.gnu-tools-for-stm32.11.3.rel1.win32_1.1.0.202305231506/tools/bin/../lib/gcc/arm-none-eabi/11.3.1/thumb/v7e-m+fp/hard\libgcc.a
LOAD C:/ST/STM32CubeIDE_1.13.0/STM32CubeIDE/plugins/com.st.stm32cube.ide.mcu.externaltools.gnu-tools-for-stm32.11.3.rel1.win32_1.1.0.202305231506/tools/bin/../lib/gcc/arm-none-eabi/11.3.1/../../../../arm-none-eabi/lib/thumb/v7e-m+fp/hard\libc_nano.a
LOAD C:/ST/STM32CubeIDE_1.13.0/STM32CubeIDE/plugins/com.st.stm32cube.ide.mcu.externaltools.gnu-tools-for-stm32.11.3.rel1.win32_1.1.0.202305231506/tools/bin/../lib/gcc/arm-none-eabi/11.3.1/../../../../arm-none-eabi/lib/thumb/v7e-m+fp/hard\libnosys.a
END GROUP
LOAD C:/ST/STM32CubeIDE_1.13.0/STM32CubeIDE/plugins/com.st.stm32cube.ide.mcu.externaltools.gnu-tools-for-stm32.11.3.rel1.win32_1.1.0.202305231506/tools/bin/../lib/gcc/arm-none-eabi/11.3.1/thumb/v7e-m+fp/hard/crtend.o
LOAD C:/ST/STM32CubeIDE_1.13.0/STM32CubeIDE/plugins/com.st.stm32cube.ide.mcu.externaltools.gnu-tools-for-stm32.11.3.rel1.win32_1.1.0.202305231506/tools/bin/../lib/gcc/arm-none-eabi/11.3.1/thumb/v7e-m+fp/hard/crtn.o
                0x0000000020030000                _estack = (ORIGIN (RAM) + LENGTH (RAM))
                0x0000000000000200                _Min_Heap_Size = 0x200
                0x0000000000000400                _Min_Stack_Size = 0x400

.isr_vector     0x0000000008000000      0x1ac
                0x0000000008000000                . = ALIGN (0x4)
 *(.isr_vector)
 .isr_vector    0x0000000008000000      0x1ac ./Core/Startup/startup_stm32f429zitx.o
                0x0000000008000000                g_pfnVectors
                0x00000000080001ac                . = ALIGN (0x4)

.text           0x00000000080001ac     0x4968
                0x00000000080001ac                . = ALIGN (0x4)
 *(.text)
 .text          0x00000000080001ac       0x40 C:/ST/STM32CubeIDE_1.13.0/STM32CubeIDE/plugins/com.st.stm32cube.ide.mcu.externaltools.gnu-tools-for-stm32.11.3.rel1.win32_1.1.0.202305231506/tools/bin/../lib/gcc/arm-none-eabi/11.3.1/thumb/v7e-m+fp/hard/crtbegin.o
 *(.text*)
 .text.LL_AHB3_GRP1_EnableClock
                0x00000000080001ec       0x30 ./Core/Src/FMC_SDRAM.o
 .text.MX_FMC_Init
                0x000000000800021c      0x138 ./Core/Src/FMC_SDRAM.o
                0x000000000800021c                MX_FMC_Init
 .text.LL_AHB1_GRP1_EnableClock
                0x0000000008000354       0x30 ./Core/Src/gpio.o
 .text.LL_GPIO_ResetOutputPin
                0x0000000008000384       0x1e ./Core/Src/gpio.o
 *fill*         0x00000000080003a2        0x2 
 .text.MX_GPIO_Init
                0x00000000080003a4      0x530 ./Core/Src/gpio.o
                0x00000000080003a4                MX_GPIO_Init
 .text.main     0x00000000080008d4      0x184 ./Core/Src/main.o
                0x00000000080008d4                main
 .text.system_init
                0x0000000008000a58       0x20 ./Core/Src/main.o
 .text.Error_Handler
                0x0000000008000a78        0xa ./Core/Src/main.o
                0x0000000008000a78                Error_Handler
 *fill*         0x0000000008000a82        0x2 
 .text.HAL_MspInit
                0x0000000008000a84       0x50 ./Core/Src/stm32f4xx_hal_msp.o
                0x0000000008000a84                HAL_MspInit
 .text.HAL_LTDC_MspInit
                0x0000000008000ad4      0x21c ./Core/Src/stm32f4xx_hal_msp.o
                0x0000000008000ad4                HAL_LTDC_MspInit
 .text.HAL_FMC_MspInit
                0x0000000008000cf0      0x104 ./Core/Src/stm32f4xx_hal_msp.o
 .text.HAL_SDRAM_MspInit
                0x0000000008000df4       0x14 ./Core/Src/stm32f4xx_hal_msp.o
                0x0000000008000df4                HAL_SDRAM_MspInit
 .text.NMI_Handler
                0x0000000008000e08        0x6 ./Core/Src/stm32f4xx_it.o
                0x0000000008000e08                NMI_Handler
 .text.HardFault_Handler
                0x0000000008000e0e        0x6 ./Core/Src/stm32f4xx_it.o
                0x0000000008000e0e                HardFault_Handler
 .text.MemManage_Handler
                0x0000000008000e14        0x6 ./Core/Src/stm32f4xx_it.o
                0x0000000008000e14                MemManage_Handler
 .text.BusFault_Handler
                0x0000000008000e1a        0x6 ./Core/Src/stm32f4xx_it.o
                0x0000000008000e1a                BusFault_Handler
 .text.UsageFault_Handler
                0x0000000008000e20        0x6 ./Core/Src/stm32f4xx_it.o
                0x0000000008000e20                UsageFault_Handler
 .text.SVC_Handler
                0x0000000008000e26        0xe ./Core/Src/stm32f4xx_it.o
                0x0000000008000e26                SVC_Handler
 .text.DebugMon_Handler
                0x0000000008000e34        0xe ./Core/Src/stm32f4xx_it.o
                0x0000000008000e34                DebugMon_Handler
 .text.PendSV_Handler
                0x0000000008000e42        0xe ./Core/Src/stm32f4xx_it.o
                0x0000000008000e42                PendSV_Handler
 .text.SysTick_Handler
                0x0000000008000e50        0xc ./Core/Src/stm32f4xx_it.o
                0x0000000008000e50                SysTick_Handler
 .text.LL_RCC_HSE_Enable
                0x0000000008000e5c       0x20 ./Core/Src/system_clock.o
 .text.LL_RCC_HSE_IsReady
                0x0000000008000e7c       0x28 ./Core/Src/system_clock.o
 .text.LL_RCC_SetSysClkSource
                0x0000000008000ea4       0x28 ./Core/Src/system_clock.o
 .text.LL_RCC_GetSysClkSource
                0x0000000008000ecc       0x1c ./Core/Src/system_clock.o
 .text.LL_RCC_SetAHBPrescaler
                0x0000000008000ee8       0x28 ./Core/Src/system_clock.o
 .text.LL_RCC_SetAPB1Prescaler
                0x0000000008000f10       0x28 ./Core/Src/system_clock.o
 .text.LL_RCC_SetAPB2Prescaler
                0x0000000008000f38       0x28 ./Core/Src/system_clock.o
 .text.LL_RCC_SetTIMPrescaler
                0x0000000008000f60       0x2c ./Core/Src/system_clock.o
 .text.LL_RCC_PLL_Enable
                0x0000000008000f8c       0x20 ./Core/Src/system_clock.o
 .text.LL_RCC_PLL_IsReady
                0x0000000008000fac       0x28 ./Core/Src/system_clock.o
 .text.LL_RCC_PLL_ConfigDomain_SYS
                0x0000000008000fd4       0x4c ./Core/Src/system_clock.o
 .text.LL_RCC_PLLSAI_Enable
                0x0000000008001020       0x20 ./Core/Src/system_clock.o
 .text.LL_RCC_PLLSAI_IsReady
                0x0000000008001040       0x28 ./Core/Src/system_clock.o
 .text.LL_RCC_PLLSAI_ConfigDomain_LTDC
                0x0000000008001068       0x68 ./Core/Src/system_clock.o
 .text.LL_FLASH_SetLatency
                0x00000000080010d0       0x28 ./Core/Src/system_clock.o
 .text.LL_FLASH_GetLatency
                0x00000000080010f8       0x1c ./Core/Src/system_clock.o
 .text.LL_PWR_EnableOverDriveMode
                0x0000000008001114       0x20 ./Core/Src/system_clock.o
 .text.LL_PWR_SetRegulVoltageScaling
                0x0000000008001134       0x28 ./Core/Src/system_clock.o
 .text.SystemClock_Config
                0x000000000800115c       0x9c ./Core/Src/system_clock.o
                0x000000000800115c                SystemClock_Config
 .text.PeriphCommonClock_Config
                0x00000000080011f8       0x34 ./Core/Src/system_clock.o
                0x00000000080011f8                PeriphCommonClock_Config
 .text.SystemInit
                0x000000000800122c       0x24 ./Core/Src/system_stm32f4xx.o
                0x000000000800122c                SystemInit
 .text.Reset_Handler
                0x0000000008001250       0x50 ./Core/Startup/startup_stm32f429zitx.o
                0x0000000008001250                Reset_Handler
 .text.Default_Handler
                0x00000000080012a0        0x2 ./Core/Startup/startup_stm32f429zitx.o
                0x00000000080012a0                RTC_Alarm_IRQHandler
                0x00000000080012a0                HASH_RNG_IRQHandler
                0x00000000080012a0                EXTI2_IRQHandler
                0x00000000080012a0                TIM8_CC_IRQHandler
                0x00000000080012a0                UART8_IRQHandler
                0x00000000080012a0                SPI4_IRQHandler
                0x00000000080012a0                TIM1_CC_IRQHandler
                0x00000000080012a0                DMA2_Stream5_IRQHandler
                0x00000000080012a0                DMA1_Stream5_IRQHandler
                0x00000000080012a0                PVD_IRQHandler
                0x00000000080012a0                SDIO_IRQHandler
                0x00000000080012a0                TAMP_STAMP_IRQHandler
                0x00000000080012a0                CAN2_RX1_IRQHandler
                0x00000000080012a0                EXTI3_IRQHandler
                0x00000000080012a0                TIM8_TRG_COM_TIM14_IRQHandler
                0x00000000080012a0                TIM1_UP_TIM10_IRQHandler
                0x00000000080012a0                TIM8_UP_TIM13_IRQHandler
                0x00000000080012a0                I2C3_ER_IRQHandler
                0x00000000080012a0                EXTI0_IRQHandler
                0x00000000080012a0                I2C2_EV_IRQHandler
                0x00000000080012a0                DMA1_Stream2_IRQHandler
                0x00000000080012a0                CAN1_RX0_IRQHandler
                0x00000000080012a0                FPU_IRQHandler
                0x00000000080012a0                OTG_HS_WKUP_IRQHandler
                0x00000000080012a0                LTDC_ER_IRQHandler
                0x00000000080012a0                CAN2_SCE_IRQHandler
                0x00000000080012a0                DMA2_Stream2_IRQHandler
                0x00000000080012a0                SPI1_IRQHandler
                0x00000000080012a0                TIM6_DAC_IRQHandler
                0x00000000080012a0                TIM1_BRK_TIM9_IRQHandler
                0x00000000080012a0                DCMI_IRQHandler
                0x00000000080012a0                CAN2_RX0_IRQHandler
                0x00000000080012a0                DMA2_Stream3_IRQHandler
                0x00000000080012a0                USART6_IRQHandler
                0x00000000080012a0                USART3_IRQHandler
                0x00000000080012a0                CAN1_RX1_IRQHandler
                0x00000000080012a0                UART5_IRQHandler
                0x00000000080012a0                DMA2_Stream0_IRQHandler
                0x00000000080012a0                TIM4_IRQHandler
                0x00000000080012a0                I2C1_EV_IRQHandler
                0x00000000080012a0                DMA1_Stream6_IRQHandler
                0x00000000080012a0                DMA1_Stream1_IRQHandler
                0x00000000080012a0                UART4_IRQHandler
                0x00000000080012a0                TIM3_IRQHandler
                0x00000000080012a0                RCC_IRQHandler
                0x00000000080012a0                TIM8_BRK_TIM12_IRQHandler
                0x00000000080012a0                Default_Handler
                0x00000000080012a0                EXTI15_10_IRQHandler
                0x00000000080012a0                ADC_IRQHandler
                0x00000000080012a0                DMA1_Stream7_IRQHandler
                0x00000000080012a0                SPI5_IRQHandler
                0x00000000080012a0                TIM7_IRQHandler
                0x00000000080012a0                CAN2_TX_IRQHandler
                0x00000000080012a0                TIM5_IRQHandler
                0x00000000080012a0                DMA2_Stream7_IRQHandler
                0x00000000080012a0                I2C3_EV_IRQHandler
                0x00000000080012a0                EXTI9_5_IRQHandler
                0x00000000080012a0                RTC_WKUP_IRQHandler
                0x00000000080012a0                LTDC_IRQHandler
                0x00000000080012a0                ETH_WKUP_IRQHandler
                0x00000000080012a0                SPI2_IRQHandler
                0x00000000080012a0                OTG_HS_EP1_IN_IRQHandler
                0x00000000080012a0                DMA1_Stream0_IRQHandler
                0x00000000080012a0                CAN1_TX_IRQHandler
                0x00000000080012a0                EXTI4_IRQHandler
                0x00000000080012a0                ETH_IRQHandler
                0x00000000080012a0                OTG_HS_EP1_OUT_IRQHandler
                0x00000000080012a0                WWDG_IRQHandler
                0x00000000080012a0                SPI6_IRQHandler
                0x00000000080012a0                TIM2_IRQHandler
                0x00000000080012a0                OTG_FS_WKUP_IRQHandler
                0x00000000080012a0                TIM1_TRG_COM_TIM11_IRQHandler
                0x00000000080012a0                OTG_HS_IRQHandler
                0x00000000080012a0                DMA2D_IRQHandler
                0x00000000080012a0                EXTI1_IRQHandler
                0x00000000080012a0                UART7_IRQHandler
                0x00000000080012a0                USART2_IRQHandler
                0x00000000080012a0                I2C2_ER_IRQHandler
                0x00000000080012a0                DMA2_Stream1_IRQHandler
                0x00000000080012a0                CAN1_SCE_IRQHandler
                0x00000000080012a0                FLASH_IRQHandler
                0x00000000080012a0                DMA2_Stream4_IRQHandler
                0x00000000080012a0                USART1_IRQHandler
                0x00000000080012a0                OTG_FS_IRQHandler
                0x00000000080012a0                SPI3_IRQHandler
                0x00000000080012a0                DMA1_Stream4_IRQHandler
                0x00000000080012a0                I2C1_ER_IRQHandler
                0x00000000080012a0                FMC_IRQHandler
                0x00000000080012a0                DMA2_Stream6_IRQHandler
                0x00000000080012a0                SAI1_IRQHandler
                0x00000000080012a0                DMA1_Stream3_IRQHandler
 *fill*         0x00000000080012a2        0x2 
 .text.HAL_Init
                0x00000000080012a4       0x44 ./Drivers/STM32F4xx_HAL_Driver/Src/stm32f4xx_hal.o
                0x00000000080012a4                HAL_Init
 .text.HAL_InitTick
                0x00000000080012e8       0x60 ./Drivers/STM32F4xx_HAL_Driver/Src/stm32f4xx_hal.o
                0x00000000080012e8                HAL_InitTick
 .text.HAL_IncTick
                0x0000000008001348       0x28 ./Drivers/STM32F4xx_HAL_Driver/Src/stm32f4xx_hal.o
                0x0000000008001348                HAL_IncTick
 .text.HAL_GetTick
                0x0000000008001370       0x18 ./Drivers/STM32F4xx_HAL_Driver/Src/stm32f4xx_hal.o
                0x0000000008001370                HAL_GetTick
 .text.HAL_Delay
                0x0000000008001388       0x48 ./Drivers/STM32F4xx_HAL_Driver/Src/stm32f4xx_hal.o
                0x0000000008001388                HAL_Delay
 .text.__NVIC_SetPriorityGrouping
                0x00000000080013d0       0x48 ./Drivers/STM32F4xx_HAL_Driver/Src/stm32f4xx_hal_cortex.o
 .text.__NVIC_GetPriorityGrouping
                0x0000000008001418       0x1c ./Drivers/STM32F4xx_HAL_Driver/Src/stm32f4xx_hal_cortex.o
 .text.__NVIC_SetPriority
                0x0000000008001434       0x54 ./Drivers/STM32F4xx_HAL_Driver/Src/stm32f4xx_hal_cortex.o
 .text.NVIC_EncodePriority
                0x0000000008001488       0x66 ./Drivers/STM32F4xx_HAL_Driver/Src/stm32f4xx_hal_cortex.o
 *fill*         0x00000000080014ee        0x2 
 .text.SysTick_Config
                0x00000000080014f0       0x44 ./Drivers/STM32F4xx_HAL_Driver/Src/stm32f4xx_hal_cortex.o
 .text.HAL_NVIC_SetPriorityGrouping
                0x0000000008001534       0x16 ./Drivers/STM32F4xx_HAL_Driver/Src/stm32f4xx_hal_cortex.o
                0x0000000008001534                HAL_NVIC_SetPriorityGrouping
 .text.HAL_NVIC_SetPriority
                0x000000000800154a       0x38 ./Drivers/STM32F4xx_HAL_Driver/Src/stm32f4xx_hal_cortex.o
                0x000000000800154a                HAL_NVIC_SetPriority
 .text.HAL_SYSTICK_Config
                0x0000000008001582       0x18 ./Drivers/STM32F4xx_HAL_Driver/Src/stm32f4xx_hal_cortex.o
                0x0000000008001582                HAL_SYSTICK_Config
 *fill*         0x000000000800159a        0x2 
 .text.HAL_GPIO_Init
                0x000000000800159c      0x358 ./Drivers/STM32F4xx_HAL_Driver/Src/stm32f4xx_hal_gpio.o
                0x000000000800159c                HAL_GPIO_Init
 .text.HAL_LTDC_Init
                0x00000000080018f4      0x1a0 ./Drivers/STM32F4xx_HAL_Driver/Src/stm32f4xx_hal_ltdc.o
                0x00000000080018f4                HAL_LTDC_Init
 .text.HAL_LTDC_ConfigLayer
                0x0000000008001a94       0x7c ./Drivers/STM32F4xx_HAL_Driver/Src/stm32f4xx_hal_ltdc.o
                0x0000000008001a94                HAL_LTDC_ConfigLayer
 .text.LTDC_SetConfig
                0x0000000008001b10      0x32e ./Drivers/STM32F4xx_HAL_Driver/Src/stm32f4xx_hal_ltdc.o
 .text.HAL_SDRAM_Init
                0x0000000008001e3e       0x68 ./Drivers/STM32F4xx_HAL_Driver/Src/stm32f4xx_hal_sdram.o
                0x0000000008001e3e                HAL_SDRAM_Init
 .text.HAL_SDRAM_SendCommand
                0x0000000008001ea6       0x6a ./Drivers/STM32F4xx_HAL_Driver/Src/stm32f4xx_hal_sdram.o
                0x0000000008001ea6                HAL_SDRAM_SendCommand
 .text.HAL_SDRAM_ProgramRefreshRate
                0x0000000008001f10       0x50 ./Drivers/STM32F4xx_HAL_Driver/Src/stm32f4xx_hal_sdram.o
                0x0000000008001f10                HAL_SDRAM_ProgramRefreshRate
 .text.FMC_SDRAM_Init
                0x0000000008001f60       0xba ./Drivers/STM32F4xx_HAL_Driver/Src/stm32f4xx_ll_fmc.o
                0x0000000008001f60                FMC_SDRAM_Init
 .text.FMC_SDRAM_Timing_Init
                0x000000000800201a       0xd2 ./Drivers/STM32F4xx_HAL_Driver/Src/stm32f4xx_ll_fmc.o
                0x000000000800201a                FMC_SDRAM_Timing_Init
 .text.FMC_SDRAM_SendCommand
                0x00000000080020ec       0x7a ./Drivers/STM32F4xx_HAL_Driver/Src/stm32f4xx_ll_fmc.o
                0x00000000080020ec                FMC_SDRAM_SendCommand
 .text.FMC_SDRAM_ProgramRefreshRate
                0x0000000008002166       0x2e ./Drivers/STM32F4xx_HAL_Driver/Src/stm32f4xx_ll_fmc.o
                0x0000000008002166                FMC_SDRAM_ProgramRefreshRate
 .text.LL_GPIO_SetPinMode
                0x0000000008002194       0x5e ./Drivers/STM32F4xx_HAL_Driver/Src/stm32f4xx_ll_gpio.o
 .text.LL_GPIO_SetPinOutputType
                0x00000000080021f2       0x30 ./Drivers/STM32F4xx_HAL_Driver/Src/stm32f4xx_ll_gpio.o
 .text.LL_GPIO_SetPinSpeed
                0x0000000008002222       0x5e ./Drivers/STM32F4xx_HAL_Driver/Src/stm32f4xx_ll_gpio.o
 .text.LL_GPIO_SetPinPull
                0x0000000008002280       0x5e ./Drivers/STM32F4xx_HAL_Driver/Src/stm32f4xx_ll_gpio.o
 .text.LL_GPIO_SetAFPin_0_7
                0x00000000080022de       0x5e ./Drivers/STM32F4xx_HAL_Driver/Src/stm32f4xx_ll_gpio.o
 .text.LL_GPIO_SetAFPin_8_15
                0x000000000800233c       0x62 ./Drivers/STM32F4xx_HAL_Driver/Src/stm32f4xx_ll_gpio.o
 .text.LL_GPIO_Init
                0x000000000800239e       0xe6 ./Drivers/STM32F4xx_HAL_Driver/Src/stm32f4xx_ll_gpio.o
                0x000000000800239e                LL_GPIO_Init
 .text.LL_SetSystemCoreClock
                0x0000000008002484       0x20 ./Drivers/STM32F4xx_HAL_Driver/Src/stm32f4xx_ll_utils.o
                0x0000000008002484                LL_SetSystemCoreClock
 .text.LL_APB2_GRP1_EnableClock
                0x00000000080024a4       0x30 ./Graphics/Src/LTDC.o
 .text.LL_GPIO_SetOutputPin
                0x00000000080024d4       0x1c ./Graphics/Src/LTDC.o
 .text.MX_LTDC_Init
                0x00000000080024f0      0x1ac ./Graphics/Src/LTDC.o
                0x00000000080024f0                MX_LTDC_Init
 .text.LTDC_draw_rectangle
                0x000000000800269c      0x1dc ./Graphics/Src/LTDC.o
                0x000000000800269c                LTDC_draw_rectangle
 .text.LTDC_draw_filled_rectangle
                0x0000000008002878      0x120 ./Graphics/Src/LTDC.o
                0x0000000008002878                LTDC_draw_filled_rectangle
 .text.LTDC_put_string
                0x0000000008002998     0x1fdc ./Graphics/Src/LTDC.o
                0x0000000008002998                LTDC_put_string
 .text.LTDC_font_select
                0x0000000008004974      0x140 ./Graphics/Src/LTDC.o
                0x0000000008004974                LTDC_font_select
 .text.__libc_init_array
                0x0000000008004ab4       0x48 C:/ST/STM32CubeIDE_1.13.0/STM32CubeIDE/plugins/com.st.stm32cube.ide.mcu.externaltools.gnu-tools-for-stm32.11.3.rel1.win32_1.1.0.202305231506/tools/bin/../lib/gcc/arm-none-eabi/11.3.1/../../../../arm-none-eabi/lib/thumb/v7e-m+fp/hard\libc_nano.a(libc_a-init.o)
                0x0000000008004ab4                __libc_init_array
 *(.glue_7)
 .glue_7        0x0000000008004afc        0x0 linker stubs
 *(.glue_7t)
 .glue_7t       0x0000000008004afc        0x0 linker stubs
 *(.eh_frame)
 .eh_frame      0x0000000008004afc        0x0 C:/ST/STM32CubeIDE_1.13.0/STM32CubeIDE/plugins/com.st.stm32cube.ide.mcu.externaltools.gnu-tools-for-stm32.11.3.rel1.win32_1.1.0.202305231506/tools/bin/../lib/gcc/arm-none-eabi/11.3.1/thumb/v7e-m+fp/hard/crtbegin.o
 *(.init)
 .init          0x0000000008004afc        0x4 C:/ST/STM32CubeIDE_1.13.0/STM32CubeIDE/plugins/com.st.stm32cube.ide.mcu.externaltools.gnu-tools-for-stm32.11.3.rel1.win32_1.1.0.202305231506/tools/bin/../lib/gcc/arm-none-eabi/11.3.1/thumb/v7e-m+fp/hard/crti.o
                0x0000000008004afc                _init
 .init          0x0000000008004b00        0x8 C:/ST/STM32CubeIDE_1.13.0/STM32CubeIDE/plugins/com.st.stm32cube.ide.mcu.externaltools.gnu-tools-for-stm32.11.3.rel1.win32_1.1.0.202305231506/tools/bin/../lib/gcc/arm-none-eabi/11.3.1/thumb/v7e-m+fp/hard/crtn.o
 *(.fini)
 .fini          0x0000000008004b08        0x4 C:/ST/STM32CubeIDE_1.13.0/STM32CubeIDE/plugins/com.st.stm32cube.ide.mcu.externaltools.gnu-tools-for-stm32.11.3.rel1.win32_1.1.0.202305231506/tools/bin/../lib/gcc/arm-none-eabi/11.3.1/thumb/v7e-m+fp/hard/crti.o
                0x0000000008004b08                _fini
 .fini          0x0000000008004b0c        0x8 C:/ST/STM32CubeIDE_1.13.0/STM32CubeIDE/plugins/com.st.stm32cube.ide.mcu.externaltools.gnu-tools-for-stm32.11.3.rel1.win32_1.1.0.202305231506/tools/bin/../lib/gcc/arm-none-eabi/11.3.1/thumb/v7e-m+fp/hard/crtn.o
                0x0000000008004b14                . = ALIGN (0x4)
                0x0000000008004b14                _etext = .

.vfp11_veneer   0x0000000008004b14        0x0
 .vfp11_veneer  0x0000000008004b14        0x0 linker stubs

.v4_bx          0x0000000008004b14        0x0
 .v4_bx         0x0000000008004b14        0x0 linker stubs

.iplt           0x0000000008004b14        0x0
 .iplt          0x0000000008004b14        0x0 C:/ST/STM32CubeIDE_1.13.0/STM32CubeIDE/plugins/com.st.stm32cube.ide.mcu.externaltools.gnu-tools-for-stm32.11.3.rel1.win32_1.1.0.202305231506/tools/bin/../lib/gcc/arm-none-eabi/11.3.1/thumb/v7e-m+fp/hard/crtbegin.o

.rodata         0x0000000008004b14     0x978c
                0x0000000008004b14                . = ALIGN (0x4)
 *(.rodata)
 .rodata        0x0000000008004b14       0x3d ./Core/Src/main.o
 *(.rodata*)
 .rodata.britannicBold_18ptCharHeight
                0x0000000008004b51        0x1 ./Graphics/Src/BritannicBold18pts.o
                0x0000000008004b51                britannicBold_18ptCharHeight
 .rodata.britannicBold_18ptCharSpace
                0x0000000008004b52        0x1 ./Graphics/Src/BritannicBold18pts.o
                0x0000000008004b52                britannicBold_18ptCharSpace
 *fill*         0x0000000008004b53        0x1 
 .rodata.britannicBold_18ptBitmaps
                0x0000000008004b54      0xf46 ./Graphics/Src/BritannicBold18pts.o
                0x0000000008004b54                britannicBold_18ptBitmaps
 *fill*         0x0000000008005a9a        0x2 
 .rodata.britannicBold_18ptDescriptors
                0x0000000008005a9c      0x17c ./Graphics/Src/BritannicBold18pts.o
                0x0000000008005a9c                britannicBold_18ptDescriptors
 .rodata.centuryGothic_18ptCharHeight
                0x0000000008005c18        0x1 ./Graphics/Src/CenturyGothic18pts.o
                0x0000000008005c18                centuryGothic_18ptCharHeight
 .rodata.centuryGothic_18ptCharSpace
                0x0000000008005c19        0x1 ./Graphics/Src/CenturyGothic18pts.o
                0x0000000008005c19                centuryGothic_18ptCharSpace
 *fill*         0x0000000008005c1a        0x2 
 .rodata.centuryGothic_18ptBitmaps
                0x0000000008005c1c     0x1008 ./Graphics/Src/CenturyGothic18pts.o
                0x0000000008005c1c                centuryGothic_18ptBitmaps
 .rodata.centuryGothic_18ptDescriptors
                0x0000000008006c24      0x17c ./Graphics/Src/CenturyGothic18pts.o
                0x0000000008006c24                centuryGothic_18ptDescriptors
 .rodata.timesNewRoman_18ptCharHeight
                0x0000000008006da0        0x1 ./Graphics/Src/TimesNewRoman18pts_Bold.o
                0x0000000008006da0                timesNewRoman_18ptCharHeight
 .rodata.timesNewRoman_18ptCharSpace
                0x0000000008006da1        0x1 ./Graphics/Src/TimesNewRoman18pts_Bold.o
                0x0000000008006da1                timesNewRoman_18ptCharSpace
 *fill*         0x0000000008006da2        0x2 
 .rodata.timesNewRoman_18ptBitmaps
                0x0000000008006da4      0xf62 ./Graphics/Src/TimesNewRoman18pts_Bold.o
                0x0000000008006da4                timesNewRoman_18ptBitmaps
 *fill*         0x0000000008007d06        0x2 
 .rodata.timesNewRoman_18ptDescriptors
                0x0000000008007d08      0x17c ./Graphics/Src/TimesNewRoman18pts_Bold.o
                0x0000000008007d08                timesNewRoman_18ptDescriptors
 .rodata.timesNewRoman_48ptCharHeight
                0x0000000008007e84        0x1 ./Graphics/Src/TimesNewRoman48pts.o
                0x0000000008007e84                timesNewRoman_48ptCharHeight
 .rodata.timesNewRoman_48ptCharSpace
                0x0000000008007e85        0x1 ./Graphics/Src/TimesNewRoman48pts.o
                0x0000000008007e85                timesNewRoman_48ptCharSpace
 *fill*         0x0000000008007e86        0x2 
 .rodata.timesNewRoman_48ptBitmaps
                0x0000000008007e88     0x5cc2 ./Graphics/Src/TimesNewRoman48pts.o
                0x0000000008007e88                timesNewRoman_48ptBitmaps
 *fill*         0x000000000800db4a        0x2 
 .rodata.timesNewRoman_48ptDescriptors
                0x000000000800db4c      0x17c ./Graphics/Src/TimesNewRoman48pts.o
                0x000000000800db4c                timesNewRoman_48ptDescriptors
 .rodata.timesNewRoman_8ptCharHeight
                0x000000000800dcc8        0x1 ./Graphics/Src/TimesNewRoman8pts_Bold.o
                0x000000000800dcc8                timesNewRoman_8ptCharHeight
 .rodata.timesNewRoman_8ptCharSpace
                0x000000000800dcc9        0x1 ./Graphics/Src/TimesNewRoman8pts_Bold.o
                0x000000000800dcc9                timesNewRoman_8ptCharSpace
 *fill*         0x000000000800dcca        0x2 
 .rodata.timesNewRoman_8ptBitmaps
                0x000000000800dccc      0x457 ./Graphics/Src/TimesNewRoman8pts_Bold.o
                0x000000000800dccc                timesNewRoman_8ptBitmaps
 *fill*         0x000000000800e123        0x1 
 .rodata.timesNewRoman_8ptDescriptors
                0x000000000800e124      0x17c ./Graphics/Src/TimesNewRoman8pts_Bold.o
                0x000000000800e124                timesNewRoman_8ptDescriptors
                0x000000000800e2a0                . = ALIGN (0x4)

.rel.dyn        0x000000000800e2a0        0x0
 .rel.iplt      0x000000000800e2a0        0x0 C:/ST/STM32CubeIDE_1.13.0/STM32CubeIDE/plugins/com.st.stm32cube.ide.mcu.externaltools.gnu-tools-for-stm32.11.3.rel1.win32_1.1.0.202305231506/tools/bin/../lib/gcc/arm-none-eabi/11.3.1/thumb/v7e-m+fp/hard/crtbegin.o

.ARM.extab      0x000000000800e2a0        0x0
                0x000000000800e2a0                . = ALIGN (0x4)
 *(.ARM.extab* .gnu.linkonce.armextab.*)
                0x000000000800e2a0                . = ALIGN (0x4)

.ARM            0x000000000800e2a0        0x0
                0x000000000800e2a0                . = ALIGN (0x4)
                0x000000000800e2a0                __exidx_start = .
 *(.ARM.exidx*)
                0x000000000800e2a0                __exidx_end = .
                0x000000000800e2a0                . = ALIGN (0x4)

.preinit_array  0x000000000800e2a0        0x0
                0x000000000800e2a0                . = ALIGN (0x4)
                0x000000000800e2a0                PROVIDE (__preinit_array_start = .)
 *(.preinit_array*)
                0x000000000800e2a0                PROVIDE (__preinit_array_end = .)
                0x000000000800e2a0                . = ALIGN (0x4)

.init_array     0x000000000800e2a0        0x4
                0x000000000800e2a0                . = ALIGN (0x4)
                0x000000000800e2a0                PROVIDE (__init_array_start = .)
 *(SORT_BY_NAME(.init_array.*))
 *(.init_array*)
 .init_array    0x000000000800e2a0        0x4 C:/ST/STM32CubeIDE_1.13.0/STM32CubeIDE/plugins/com.st.stm32cube.ide.mcu.externaltools.gnu-tools-for-stm32.11.3.rel1.win32_1.1.0.202305231506/tools/bin/../lib/gcc/arm-none-eabi/11.3.1/thumb/v7e-m+fp/hard/crtbegin.o
                0x000000000800e2a4                PROVIDE (__init_array_end = .)
                0x000000000800e2a4                . = ALIGN (0x4)

.fini_array     0x000000000800e2a4        0x4
                0x000000000800e2a4                . = ALIGN (0x4)
                [!provide]                        PROVIDE (__fini_array_start = .)
 *(SORT_BY_NAME(.fini_array.*))
 *(.fini_array*)
 .fini_array    0x000000000800e2a4        0x4 C:/ST/STM32CubeIDE_1.13.0/STM32CubeIDE/plugins/com.st.stm32cube.ide.mcu.externaltools.gnu-tools-for-stm32.11.3.rel1.win32_1.1.0.202305231506/tools/bin/../lib/gcc/arm-none-eabi/11.3.1/thumb/v7e-m+fp/hard/crtbegin.o
                [!provide]                        PROVIDE (__fini_array_end = .)
                0x000000000800e2a8                . = ALIGN (0x4)
                0x000000000800e2a8                _sidata = LOADADDR (.data)

.data           0x0000000020000000        0xc load address 0x000000000800e2a8
                0x0000000020000000                . = ALIGN (0x4)
                0x0000000020000000                _sdata = .
 *(.data)
 *(.data*)
 .data.SystemCoreClock
                0x0000000020000000        0x4 ./Core/Src/system_stm32f4xx.o
                0x0000000020000000                SystemCoreClock
 .data.uwTickPrio
                0x0000000020000004        0x4 ./Drivers/STM32F4xx_HAL_Driver/Src/stm32f4xx_hal.o
                0x0000000020000004                uwTickPrio
 .data.uwTickFreq
                0x0000000020000008        0x1 ./Drivers/STM32F4xx_HAL_Driver/Src/stm32f4xx_hal.o
                0x0000000020000008                uwTickFreq
 *(.RamFunc)
 *(.RamFunc*)
                0x000000002000000c                . = ALIGN (0x4)
 *fill*         0x0000000020000009        0x3 
                0x000000002000000c                _edata = .
                0x000000000800e2b4                _siccmram = LOADADDR (.ccmram)

.igot.plt       0x000000002000000c        0x0 load address 0x000000000800e2b4
 .igot.plt      0x000000002000000c        0x0 C:/ST/STM32CubeIDE_1.13.0/STM32CubeIDE/plugins/com.st.stm32cube.ide.mcu.externaltools.gnu-tools-for-stm32.11.3.rel1.win32_1.1.0.202305231506/tools/bin/../lib/gcc/arm-none-eabi/11.3.1/thumb/v7e-m+fp/hard/crtbegin.o

.ccmram         0x0000000010000000        0x0 load address 0x000000000800e2b4
                0x0000000010000000                . = ALIGN (0x4)
                0x0000000010000000                _sccmram = .
 *(.ccmram)
 *(.ccmram*)
                0x0000000010000000                . = ALIGN (0x4)
                0x0000000010000000                _eccmram = .
                0x0000000010000000                . = ALIGN (0x4)

.bss            0x0000000020000010      0x150
                0x0000000020000010                _sbss = .
                0x0000000020000010                __bss_start__ = _sbss
 *(.bss)
 .bss           0x0000000020000010       0x1c C:/ST/STM32CubeIDE_1.13.0/STM32CubeIDE/plugins/com.st.stm32cube.ide.mcu.externaltools.gnu-tools-for-stm32.11.3.rel1.win32_1.1.0.202305231506/tools/bin/../lib/gcc/arm-none-eabi/11.3.1/thumb/v7e-m+fp/hard/crtbegin.o
 *(.bss*)
 *fill*         0x000000002000002c        0x4 
 .bss.k         0x0000000020000030        0x8 ./Core/Src/main.o
                0x0000000020000030                k
 .bss.FMC_Initialized
                0x0000000020000038        0x4 ./Core/Src/stm32f4xx_hal_msp.o
 .bss.uwTick    0x000000002000003c        0x4 ./Drivers/STM32F4xx_HAL_Driver/Src/stm32f4xx_hal.o
                0x000000002000003c                uwTick
 .bss.globalFontSelector
                0x0000000020000040        0xc ./Graphics/Src/LTDC.o
                0x0000000020000040                globalFontSelector
 .bss.hltdc     0x000000002000004c       0xa8 ./Graphics/Src/LTDC.o
                0x000000002000004c                hltdc
 .bss.pLayerCfg
                0x00000000200000f4       0x34 ./Graphics/Src/LTDC.o
                0x00000000200000f4                pLayerCfg
 .bss.pLayerCfg1
                0x0000000020000128       0x34 ./Graphics/Src/LTDC.o
                0x0000000020000128                pLayerCfg1
 .bss.stringHead
                0x000000002000015c        0x4 ./Graphics/Src/LTDC.o
                0x000000002000015c                stringHead
 *(COMMON)
                0x0000000020000160                . = ALIGN (0x4)
                0x0000000020000160                _ebss = .
                0x0000000020000160                __bss_end__ = _ebss

._user_heap_stack
                0x0000000020000160      0x600
                0x0000000020000160                . = ALIGN (0x8)
                [!provide]                        PROVIDE (end = .)
                0x0000000020000160                PROVIDE (_end = .)
                0x0000000020000360                . = (. + _Min_Heap_Size)
 *fill*         0x0000000020000160      0x200 
                0x0000000020000760                . = (. + _Min_Stack_Size)
 *fill*         0x0000000020000360      0x400 
                0x0000000020000760                . = ALIGN (0x8)

/DISCARD/
 libc.a(*)
 libm.a(*)
 libgcc.a(*)

.ARM.attributes
                0x0000000000000000       0x30
 *(.ARM.attributes)
 .ARM.attributes
                0x0000000000000000       0x1e C:/ST/STM32CubeIDE_1.13.0/STM32CubeIDE/plugins/com.st.stm32cube.ide.mcu.externaltools.gnu-tools-for-stm32.11.3.rel1.win32_1.1.0.202305231506/tools/bin/../lib/gcc/arm-none-eabi/11.3.1/thumb/v7e-m+fp/hard/crti.o
 .ARM.attributes
                0x000000000000001e       0x34 C:/ST/STM32CubeIDE_1.13.0/STM32CubeIDE/plugins/com.st.stm32cube.ide.mcu.externaltools.gnu-tools-for-stm32.11.3.rel1.win32_1.1.0.202305231506/tools/bin/../lib/gcc/arm-none-eabi/11.3.1/thumb/v7e-m+fp/hard/crtbegin.o
 .ARM.attributes
                0x0000000000000052       0x34 ./Core/Src/FMC_SDRAM.o
 .ARM.attributes
                0x0000000000000086       0x34 ./Core/Src/gpio.o
 .ARM.attributes
                0x00000000000000ba       0x34 ./Core/Src/main.o
 .ARM.attributes
                0x00000000000000ee       0x34 ./Core/Src/stm32f4xx_hal_msp.o
 .ARM.attributes
                0x0000000000000122       0x34 ./Core/Src/stm32f4xx_it.o
 .ARM.attributes
                0x0000000000000156       0x34 ./Core/Src/system_clock.o
 .ARM.attributes
                0x000000000000018a       0x34 ./Core/Src/system_stm32f4xx.o
 .ARM.attributes
                0x00000000000001be       0x21 ./Core/Startup/startup_stm32f429zitx.o
 .ARM.attributes
                0x00000000000001df       0x34 ./Drivers/STM32F4xx_HAL_Driver/Src/stm32f4xx_hal.o
 .ARM.attributes
                0x0000000000000213       0x34 ./Drivers/STM32F4xx_HAL_Driver/Src/stm32f4xx_hal_cortex.o
 .ARM.attributes
                0x0000000000000247       0x34 ./Drivers/STM32F4xx_HAL_Driver/Src/stm32f4xx_hal_gpio.o
 .ARM.attributes
                0x000000000000027b       0x34 ./Drivers/STM32F4xx_HAL_Driver/Src/stm32f4xx_hal_ltdc.o
 .ARM.attributes
                0x00000000000002af       0x34 ./Drivers/STM32F4xx_HAL_Driver/Src/stm32f4xx_hal_sdram.o
 .ARM.attributes
                0x00000000000002e3       0x34 ./Drivers/STM32F4xx_HAL_Driver/Src/stm32f4xx_ll_fmc.o
 .ARM.attributes
                0x0000000000000317       0x34 ./Drivers/STM32F4xx_HAL_Driver/Src/stm32f4xx_ll_gpio.o
 .ARM.attributes
                0x000000000000034b       0x34 ./Drivers/STM32F4xx_HAL_Driver/Src/stm32f4xx_ll_utils.o
 .ARM.attributes
                0x000000000000037f       0x34 ./Graphics/Src/BritannicBold18pts.o
 .ARM.attributes
                0x00000000000003b3       0x34 ./Graphics/Src/CenturyGothic18pts.o
 .ARM.attributes
                0x00000000000003e7       0x34 ./Graphics/Src/LTDC.o
 .ARM.attributes
                0x000000000000041b       0x34 ./Graphics/Src/TimesNewRoman18pts_Bold.o
 .ARM.attributes
                0x000000000000044f       0x34 ./Graphics/Src/TimesNewRoman48pts.o
 .ARM.attributes
                0x0000000000000483       0x34 ./Graphics/Src/TimesNewRoman8pts_Bold.o
 .ARM.attributes
                0x00000000000004b7       0x34 C:/ST/STM32CubeIDE_1.13.0/STM32CubeIDE/plugins/com.st.stm32cube.ide.mcu.externaltools.gnu-tools-for-stm32.11.3.rel1.win32_1.1.0.202305231506/tools/bin/../lib/gcc/arm-none-eabi/11.3.1/../../../../arm-none-eabi/lib/thumb/v7e-m+fp/hard\libc_nano.a(libc_a-init.o)
 .ARM.attributes
                0x00000000000004eb       0x1e C:/ST/STM32CubeIDE_1.13.0/STM32CubeIDE/plugins/com.st.stm32cube.ide.mcu.externaltools.gnu-tools-for-stm32.11.3.rel1.win32_1.1.0.202305231506/tools/bin/../lib/gcc/arm-none-eabi/11.3.1/thumb/v7e-m+fp/hard/crtn.o
OUTPUT(AS_debug_machine_s10.elf elf32-littlearm)
LOAD linker stubs
LOAD C:/ST/STM32CubeIDE_1.13.0/STM32CubeIDE/plugins/com.st.stm32cube.ide.mcu.externaltools.gnu-tools-for-stm32.11.3.rel1.win32_1.1.0.202305231506/tools/bin/../lib/gcc/arm-none-eabi/11.3.1/../../../../arm-none-eabi/lib/thumb/v7e-m+fp/hard\libc.a
LOAD C:/ST/STM32CubeIDE_1.13.0/STM32CubeIDE/plugins/com.st.stm32cube.ide.mcu.externaltools.gnu-tools-for-stm32.11.3.rel1.win32_1.1.0.202305231506/tools/bin/../lib/gcc/arm-none-eabi/11.3.1/../../../../arm-none-eabi/lib/thumb/v7e-m+fp/hard\libm.a
LOAD C:/ST/STM32CubeIDE_1.13.0/STM32CubeIDE/plugins/com.st.stm32cube.ide.mcu.externaltools.gnu-tools-for-stm32.11.3.rel1.win32_1.1.0.202305231506/tools/bin/../lib/gcc/arm-none-eabi/11.3.1/thumb/v7e-m+fp/hard\libgcc.a

.comment        0x0000000000000000       0x43
 .comment       0x0000000000000000       0x43 C:/ST/STM32CubeIDE_1.13.0/STM32CubeIDE/plugins/com.st.stm32cube.ide.mcu.externaltools.gnu-tools-for-stm32.11.3.rel1.win32_1.1.0.202305231506/tools/bin/../lib/gcc/arm-none-eabi/11.3.1/thumb/v7e-m+fp/hard/crtbegin.o
                                         0x44 (size before relaxing)
 .comment       0x0000000000000043       0x44 ./Core/Src/FMC_SDRAM.o
 .comment       0x0000000000000043       0x44 ./Core/Src/gpio.o
 .comment       0x0000000000000043       0x44 ./Core/Src/main.o
 .comment       0x0000000000000043       0x44 ./Core/Src/stm32f4xx_hal_msp.o
 .comment       0x0000000000000043       0x44 ./Core/Src/stm32f4xx_it.o
 .comment       0x0000000000000043       0x44 ./Core/Src/system_clock.o
 .comment       0x0000000000000043       0x44 ./Core/Src/system_stm32f4xx.o
 .comment       0x0000000000000043       0x44 ./Drivers/STM32F4xx_HAL_Driver/Src/stm32f4xx_hal.o
 .comment       0x0000000000000043       0x44 ./Drivers/STM32F4xx_HAL_Driver/Src/stm32f4xx_hal_cortex.o
 .comment       0x0000000000000043       0x44 ./Drivers/STM32F4xx_HAL_Driver/Src/stm32f4xx_hal_gpio.o
 .comment       0x0000000000000043       0x44 ./Drivers/STM32F4xx_HAL_Driver/Src/stm32f4xx_hal_ltdc.o
 .comment       0x0000000000000043       0x44 ./Drivers/STM32F4xx_HAL_Driver/Src/stm32f4xx_hal_sdram.o
 .comment       0x0000000000000043       0x44 ./Drivers/STM32F4xx_HAL_Driver/Src/stm32f4xx_ll_fmc.o
 .comment       0x0000000000000043       0x44 ./Drivers/STM32F4xx_HAL_Driver/Src/stm32f4xx_ll_gpio.o
 .comment       0x0000000000000043       0x44 ./Drivers/STM32F4xx_HAL_Driver/Src/stm32f4xx_ll_utils.o
 .comment       0x0000000000000043       0x44 ./Graphics/Src/BritannicBold18pts.o
 .comment       0x0000000000000043       0x44 ./Graphics/Src/CenturyGothic18pts.o
 .comment       0x0000000000000043       0x44 ./Graphics/Src/LTDC.o
 .comment       0x0000000000000043       0x44 ./Graphics/Src/TimesNewRoman18pts_Bold.o
 .comment       0x0000000000000043       0x44 ./Graphics/Src/TimesNewRoman48pts.o
 .comment       0x0000000000000043       0x44 ./Graphics/Src/TimesNewRoman8pts_Bold.o

.debug_info     0x0000000000000000     0xa0f8
 .debug_info    0x0000000000000000      0x954 ./Core/Src/FMC_SDRAM.o
 .debug_info    0x0000000000000954      0x46e ./Core/Src/gpio.o
 .debug_info    0x0000000000000dc2      0x76b ./Core/Src/main.o
 .debug_info    0x000000000000152d      0xddb ./Core/Src/stm32f4xx_hal_msp.o
 .debug_info    0x0000000000002308      0x179 ./Core/Src/stm32f4xx_it.o
 .debug_info    0x0000000000002481      0x639 ./Core/Src/system_clock.o
 .debug_info    0x0000000000002aba      0x52e ./Core/Src/system_stm32f4xx.o
 .debug_info    0x0000000000002fe8       0x23 ./Core/Startup/startup_stm32f429zitx.o
 .debug_info    0x000000000000300b      0x9be ./Drivers/STM32F4xx_HAL_Driver/Src/stm32f4xx_hal.o
 .debug_info    0x00000000000039c9      0xd7c ./Drivers/STM32F4xx_HAL_Driver/Src/stm32f4xx_hal_cortex.o
 .debug_info    0x0000000000004745      0x6db ./Drivers/STM32F4xx_HAL_Driver/Src/stm32f4xx_hal_gpio.o
 .debug_info    0x0000000000004e20     0x1022 ./Drivers/STM32F4xx_HAL_Driver/Src/stm32f4xx_hal_ltdc.o
 .debug_info    0x0000000000005e42      0xeaa ./Drivers/STM32F4xx_HAL_Driver/Src/stm32f4xx_hal_sdram.o
 .debug_info    0x0000000000006cec      0xdfe ./Drivers/STM32F4xx_HAL_Driver/Src/stm32f4xx_ll_fmc.o
 .debug_info    0x0000000000007aea      0x7d2 ./Drivers/STM32F4xx_HAL_Driver/Src/stm32f4xx_ll_gpio.o
 .debug_info    0x00000000000082bc      0x955 ./Drivers/STM32F4xx_HAL_Driver/Src/stm32f4xx_ll_utils.o
 .debug_info    0x0000000000008c11      0x1a8 ./Graphics/Src/BritannicBold18pts.o
 .debug_info    0x0000000000008db9      0x1a4 ./Graphics/Src/CenturyGothic18pts.o
 .debug_info    0x0000000000008f5d      0xca7 ./Graphics/Src/LTDC.o
 .debug_info    0x0000000000009c04      0x1a4 ./Graphics/Src/TimesNewRoman18pts_Bold.o
 .debug_info    0x0000000000009da8      0x1a8 ./Graphics/Src/TimesNewRoman48pts.o
 .debug_info    0x0000000000009f50      0x1a8 ./Graphics/Src/TimesNewRoman8pts_Bold.o

.debug_abbrev   0x0000000000000000     0x22a1
 .debug_abbrev  0x0000000000000000      0x1c8 ./Core/Src/FMC_SDRAM.o
 .debug_abbrev  0x00000000000001c8      0x199 ./Core/Src/gpio.o
 .debug_abbrev  0x0000000000000361      0x25e ./Core/Src/main.o
 .debug_abbrev  0x00000000000005bf      0x217 ./Core/Src/stm32f4xx_hal_msp.o
 .debug_abbrev  0x00000000000007d6       0xae ./Core/Src/stm32f4xx_it.o
 .debug_abbrev  0x0000000000000884      0x190 ./Core/Src/system_clock.o
 .debug_abbrev  0x0000000000000a14      0x11a ./Core/Src/system_stm32f4xx.o
 .debug_abbrev  0x0000000000000b2e       0x12 ./Core/Startup/startup_stm32f429zitx.o
 .debug_abbrev  0x0000000000000b40      0x213 ./Drivers/STM32F4xx_HAL_Driver/Src/stm32f4xx_hal.o
 .debug_abbrev  0x0000000000000d53      0x327 ./Drivers/STM32F4xx_HAL_Driver/Src/stm32f4xx_hal_cortex.o
 .debug_abbrev  0x000000000000107a      0x1d4 ./Drivers/STM32F4xx_HAL_Driver/Src/stm32f4xx_hal_gpio.o
 .debug_abbrev  0x000000000000124e      0x233 ./Drivers/STM32F4xx_HAL_Driver/Src/stm32f4xx_hal_ltdc.o
 .debug_abbrev  0x0000000000001481      0x239 ./Drivers/STM32F4xx_HAL_Driver/Src/stm32f4xx_hal_sdram.o
 .debug_abbrev  0x00000000000016ba      0x1a4 ./Drivers/STM32F4xx_HAL_Driver/Src/stm32f4xx_ll_fmc.o
 .debug_abbrev  0x000000000000185e      0x220 ./Drivers/STM32F4xx_HAL_Driver/Src/stm32f4xx_ll_gpio.o
 .debug_abbrev  0x0000000000001a7e      0x234 ./Drivers/STM32F4xx_HAL_Driver/Src/stm32f4xx_ll_utils.o
 .debug_abbrev  0x0000000000001cb2       0xb8 ./Graphics/Src/BritannicBold18pts.o
 .debug_abbrev  0x0000000000001d6a       0xb9 ./Graphics/Src/CenturyGothic18pts.o
 .debug_abbrev  0x0000000000001e23      0x255 ./Graphics/Src/LTDC.o
 .debug_abbrev  0x0000000000002078       0xb9 ./Graphics/Src/TimesNewRoman18pts_Bold.o
 .debug_abbrev  0x0000000000002131       0xb8 ./Graphics/Src/TimesNewRoman48pts.o
 .debug_abbrev  0x00000000000021e9       0xb8 ./Graphics/Src/TimesNewRoman8pts_Bold.o

.debug_aranges  0x0000000000000000      0xa40
 .debug_aranges
                0x0000000000000000       0x28 ./Core/Src/FMC_SDRAM.o
 .debug_aranges
                0x0000000000000028       0x30 ./Core/Src/gpio.o
 .debug_aranges
                0x0000000000000058       0x58 ./Core/Src/main.o
 .debug_aranges
                0x00000000000000b0       0x50 ./Core/Src/stm32f4xx_hal_msp.o
 .debug_aranges
                0x0000000000000100       0x60 ./Core/Src/stm32f4xx_it.o
 .debug_aranges
                0x0000000000000160       0xb8 ./Core/Src/system_clock.o
 .debug_aranges
                0x0000000000000218       0x28 ./Core/Src/system_stm32f4xx.o
 .debug_aranges
                0x0000000000000240       0x28 ./Core/Startup/startup_stm32f429zitx.o
 .debug_aranges
                0x0000000000000268      0x100 ./Drivers/STM32F4xx_HAL_Driver/Src/stm32f4xx_hal.o
 .debug_aranges
                0x0000000000000368      0x118 ./Drivers/STM32F4xx_HAL_Driver/Src/stm32f4xx_hal_cortex.o
 .debug_aranges
                0x0000000000000480       0x58 ./Drivers/STM32F4xx_HAL_Driver/Src/stm32f4xx_hal_gpio.o
 .debug_aranges
                0x00000000000004d8      0x158 ./Drivers/STM32F4xx_HAL_Driver/Src/stm32f4xx_hal_ltdc.o
 .debug_aranges
                0x0000000000000630       0xe8 ./Drivers/STM32F4xx_HAL_Driver/Src/stm32f4xx_hal_sdram.o
 .debug_aranges
                0x0000000000000718       0xf0 ./Drivers/STM32F4xx_HAL_Driver/Src/stm32f4xx_ll_fmc.o
 .debug_aranges
                0x0000000000000808       0x70 ./Drivers/STM32F4xx_HAL_Driver/Src/stm32f4xx_ll_gpio.o
 .debug_aranges
                0x0000000000000878      0x100 ./Drivers/STM32F4xx_HAL_Driver/Src/stm32f4xx_ll_utils.o
 .debug_aranges
                0x0000000000000978       0x18 ./Graphics/Src/BritannicBold18pts.o
 .debug_aranges
                0x0000000000000990       0x18 ./Graphics/Src/CenturyGothic18pts.o
 .debug_aranges
                0x00000000000009a8       0x50 ./Graphics/Src/LTDC.o
 .debug_aranges
                0x00000000000009f8       0x18 ./Graphics/Src/TimesNewRoman18pts_Bold.o
 .debug_aranges
                0x0000000000000a10       0x18 ./Graphics/Src/TimesNewRoman48pts.o
 .debug_aranges
                0x0000000000000a28       0x18 ./Graphics/Src/TimesNewRoman8pts_Bold.o

.debug_rnglists
                0x0000000000000000      0x731
 .debug_rnglists
                0x0000000000000000       0x1a ./Core/Src/FMC_SDRAM.o
 .debug_rnglists
                0x000000000000001a       0x20 ./Core/Src/gpio.o
 .debug_rnglists
                0x000000000000003a       0x3e ./Core/Src/main.o
 .debug_rnglists
                0x0000000000000078       0x3a ./Core/Src/stm32f4xx_hal_msp.o
 .debug_rnglists
                0x00000000000000b2       0x43 ./Core/Src/stm32f4xx_it.o
 .debug_rnglists
                0x00000000000000f5       0x86 ./Core/Src/system_clock.o
 .debug_rnglists
                0x000000000000017b       0x1a ./Core/Src/system_stm32f4xx.o
 .debug_rnglists
                0x0000000000000195       0x19 ./Core/Startup/startup_stm32f429zitx.o
 .debug_rnglists
                0x00000000000001ae       0xbb ./Drivers/STM32F4xx_HAL_Driver/Src/stm32f4xx_hal.o
 .debug_rnglists
                0x0000000000000269       0xce ./Drivers/STM32F4xx_HAL_Driver/Src/stm32f4xx_hal_cortex.o
 .debug_rnglists
                0x0000000000000337       0x3f ./Drivers/STM32F4xx_HAL_Driver/Src/stm32f4xx_hal_gpio.o
 .debug_rnglists
                0x0000000000000376      0x10a ./Drivers/STM32F4xx_HAL_Driver/Src/stm32f4xx_hal_ltdc.o
 .debug_rnglists
                0x0000000000000480       0xb1 ./Drivers/STM32F4xx_HAL_Driver/Src/stm32f4xx_hal_sdram.o
 .debug_rnglists
                0x0000000000000531       0xb5 ./Drivers/STM32F4xx_HAL_Driver/Src/stm32f4xx_ll_fmc.o
 .debug_rnglists
                0x00000000000005e6       0x51 ./Drivers/STM32F4xx_HAL_Driver/Src/stm32f4xx_ll_gpio.o
 .debug_rnglists
                0x0000000000000637       0xbe ./Drivers/STM32F4xx_HAL_Driver/Src/stm32f4xx_ll_utils.o
 .debug_rnglists
                0x00000000000006f5       0x3c ./Graphics/Src/LTDC.o

.debug_macro    0x0000000000000000    0x25dcf
 .debug_macro   0x0000000000000000      0x30d ./Core/Src/FMC_SDRAM.o
 .debug_macro   0x000000000000030d       0x22 ./Core/Src/FMC_SDRAM.o
 .debug_macro   0x000000000000032f       0x8e ./Core/Src/FMC_SDRAM.o
 .debug_macro   0x00000000000003bd       0x51 ./Core/Src/FMC_SDRAM.o
 .debug_macro   0x000000000000040e      0x174 ./Core/Src/FMC_SDRAM.o
 .debug_macro   0x0000000000000582      0x369 ./Core/Src/FMC_SDRAM.o
 .debug_macro   0x00000000000008eb       0x16 ./Core/Src/FMC_SDRAM.o
 .debug_macro   0x0000000000000901       0x43 ./Core/Src/FMC_SDRAM.o
 .debug_macro   0x0000000000000944       0x61 ./Core/Src/FMC_SDRAM.o
 .debug_macro   0x00000000000009a5       0x2a ./Core/Src/FMC_SDRAM.o
 .debug_macro   0x00000000000009cf       0x43 ./Core/Src/FMC_SDRAM.o
 .debug_macro   0x0000000000000a12       0x34 ./Core/Src/FMC_SDRAM.o
 .debug_macro   0x0000000000000a46      0x29b ./Core/Src/FMC_SDRAM.o
 .debug_macro   0x0000000000000ce1       0x2e ./Core/Src/FMC_SDRAM.o
 .debug_macro   0x0000000000000d0f       0x28 ./Core/Src/FMC_SDRAM.o
 .debug_macro   0x0000000000000d37      0x103 ./Core/Src/FMC_SDRAM.o
 .debug_macro   0x0000000000000e3a       0x6a ./Core/Src/FMC_SDRAM.o
 .debug_macro   0x0000000000000ea4      0x1df ./Core/Src/FMC_SDRAM.o
 .debug_macro   0x0000000000001083       0x1c ./Core/Src/FMC_SDRAM.o
 .debug_macro   0x000000000000109f       0x22 ./Core/Src/FMC_SDRAM.o
 .debug_macro   0x00000000000010c1       0xd9 ./Core/Src/FMC_SDRAM.o
 .debug_macro   0x000000000000119a     0x102d ./Core/Src/FMC_SDRAM.o
 .debug_macro   0x00000000000021c7      0x11f ./Core/Src/FMC_SDRAM.o
 .debug_macro   0x00000000000022e6    0x17fc0 ./Core/Src/FMC_SDRAM.o
 .debug_macro   0x000000000001a2a6       0x6d ./Core/Src/FMC_SDRAM.o
 .debug_macro   0x000000000001a313     0x36f5 ./Core/Src/FMC_SDRAM.o
 .debug_macro   0x000000000001da08       0x56 ./Core/Src/FMC_SDRAM.o
 .debug_macro   0x000000000001da5e      0xca5 ./Core/Src/FMC_SDRAM.o
 .debug_macro   0x000000000001e703      0x9fe ./Core/Src/FMC_SDRAM.o
 .debug_macro   0x000000000001f101      0x115 ./Core/Src/FMC_SDRAM.o
 .debug_macro   0x000000000001f216      0x156 ./Core/Src/FMC_SDRAM.o
 .debug_macro   0x000000000001f36c       0xa5 ./Core/Src/FMC_SDRAM.o
 .debug_macro   0x000000000001f411      0x182 ./Core/Src/FMC_SDRAM.o
 .debug_macro   0x000000000001f593      0x287 ./Core/Src/FMC_SDRAM.o
 .debug_macro   0x000000000001f81a       0x5f ./Core/Src/FMC_SDRAM.o
 .debug_macro   0x000000000001f879      0x236 ./Core/Src/FMC_SDRAM.o
 .debug_macro   0x000000000001faaf      0x132 ./Core/Src/FMC_SDRAM.o
 .debug_macro   0x000000000001fbe1      0x41d ./Core/Src/FMC_SDRAM.o
 .debug_macro   0x000000000001fffe       0x2e ./Core/Src/FMC_SDRAM.o
 .debug_macro   0x000000000002002c      0x556 ./Core/Src/FMC_SDRAM.o
 .debug_macro   0x0000000000020582      0x198 ./Core/Src/FMC_SDRAM.o
 .debug_macro   0x000000000002071a       0xd6 ./Core/Src/FMC_SDRAM.o
 .debug_macro   0x00000000000207f0      0x11a ./Core/Src/FMC_SDRAM.o
 .debug_macro   0x000000000002090a       0xe2 ./Core/Src/FMC_SDRAM.o
 .debug_macro   0x00000000000209ec       0x89 ./Core/Src/FMC_SDRAM.o
 .debug_macro   0x0000000000020a75      0x134 ./Core/Src/FMC_SDRAM.o
 .debug_macro   0x0000000000020ba9      0xc74 ./Core/Src/FMC_SDRAM.o
 .debug_macro   0x000000000002181d      0x21f ./Core/Src/FMC_SDRAM.o
 .debug_macro   0x0000000000021a3c      0x22a ./Core/Src/FMC_SDRAM.o
 .debug_macro   0x0000000000021c66       0xe8 ./Core/Src/FMC_SDRAM.o
 .debug_macro   0x0000000000021d4e      0x1a6 ./Core/Src/FMC_SDRAM.o
 .debug_macro   0x0000000000021ef4       0x61 ./Core/Src/FMC_SDRAM.o
 .debug_macro   0x0000000000021f55       0xc8 ./Core/Src/FMC_SDRAM.o
 .debug_macro   0x000000000002201d      0x1e6 ./Core/Src/FMC_SDRAM.o
 .debug_macro   0x0000000000022203      0x23c ./Core/Src/FMC_SDRAM.o
 .debug_macro   0x000000000002243f      0x149 ./Core/Src/FMC_SDRAM.o
 .debug_macro   0x0000000000022588      0x136 ./Core/Src/FMC_SDRAM.o
 .debug_macro   0x00000000000226be       0x10 ./Core/Src/FMC_SDRAM.o
 .debug_macro   0x00000000000226ce       0x6a ./Core/Src/FMC_SDRAM.o
 .debug_macro   0x0000000000022738      0x30d ./Core/Src/gpio.o
 .debug_macro   0x0000000000022a45      0x30d ./Core/Src/main.o
 .debug_macro   0x0000000000022d52      0x30d ./Core/Src/stm32f4xx_hal_msp.o
 .debug_macro   0x000000000002305f      0x317 ./Core/Src/stm32f4xx_it.o
 .debug_macro   0x0000000000023376      0x30d ./Core/Src/system_clock.o
 .debug_macro   0x0000000000023683      0x1e5 ./Core/Src/system_stm32f4xx.o
 .debug_macro   0x0000000000023868       0x5c ./Core/Src/system_stm32f4xx.o
 .debug_macro   0x00000000000238c4      0x245 ./Drivers/STM32F4xx_HAL_Driver/Src/stm32f4xx_hal.o
 .debug_macro   0x0000000000023b09      0x1e5 ./Drivers/STM32F4xx_HAL_Driver/Src/stm32f4xx_hal_cortex.o
 .debug_macro   0x0000000000023cee      0x1eb ./Drivers/STM32F4xx_HAL_Driver/Src/stm32f4xx_hal_gpio.o
 .debug_macro   0x0000000000023ed9      0x1ed ./Drivers/STM32F4xx_HAL_Driver/Src/stm32f4xx_hal_ltdc.o
 .debug_macro   0x00000000000240c6      0x1e5 ./Drivers/STM32F4xx_HAL_Driver/Src/stm32f4xx_hal_sdram.o
 .debug_macro   0x00000000000242ab      0x22e ./Drivers/STM32F4xx_HAL_Driver/Src/stm32f4xx_ll_fmc.o
 .debug_macro   0x00000000000244d9      0x227 ./Drivers/STM32F4xx_HAL_Driver/Src/stm32f4xx_ll_gpio.o
 .debug_macro   0x0000000000024700      0x143 ./Drivers/STM32F4xx_HAL_Driver/Src/stm32f4xx_ll_gpio.o
 .debug_macro   0x0000000000024843      0x2e3 ./Drivers/STM32F4xx_HAL_Driver/Src/stm32f4xx_ll_utils.o
 .debug_macro   0x0000000000024b26       0x5b ./Drivers/STM32F4xx_HAL_Driver/Src/stm32f4xx_ll_utils.o
 .debug_macro   0x0000000000024b81      0x30d ./Graphics/Src/BritannicBold18pts.o
 .debug_macro   0x0000000000024e8e      0x30d ./Graphics/Src/CenturyGothic18pts.o
 .debug_macro   0x000000000002519b      0x30d ./Graphics/Src/LTDC.o
 .debug_macro   0x00000000000254a8      0x30d ./Graphics/Src/TimesNewRoman18pts_Bold.o
 .debug_macro   0x00000000000257b5      0x30d ./Graphics/Src/TimesNewRoman48pts.o
 .debug_macro   0x0000000000025ac2      0x30d ./Graphics/Src/TimesNewRoman8pts_Bold.o

.debug_line     0x0000000000000000    0x11274
 .debug_line    0x0000000000000000      0xad1 ./Core/Src/FMC_SDRAM.o
 .debug_line    0x0000000000000ad1      0xd56 ./Core/Src/gpio.o
 .debug_line    0x0000000000001827      0xbcc ./Core/Src/main.o
 .debug_line    0x00000000000023f3      0xbf8 ./Core/Src/stm32f4xx_hal_msp.o
 .debug_line    0x0000000000002feb      0xb10 ./Core/Src/stm32f4xx_it.o
 .debug_line    0x0000000000003afb      0xca2 ./Core/Src/system_clock.o
 .debug_line    0x000000000000479d      0x7e1 ./Core/Src/system_stm32f4xx.o
 .debug_line    0x0000000000004f7e       0x7a ./Core/Startup/startup_stm32f429zitx.o
 .debug_line    0x0000000000004ff8      0xa7d ./Drivers/STM32F4xx_HAL_Driver/Src/stm32f4xx_hal.o
 .debug_line    0x0000000000005a75      0xcf6 ./Drivers/STM32F4xx_HAL_Driver/Src/stm32f4xx_hal_cortex.o
 .debug_line    0x000000000000676b      0xbe3 ./Drivers/STM32F4xx_HAL_Driver/Src/stm32f4xx_hal_gpio.o
 .debug_line    0x000000000000734e     0x177a ./Drivers/STM32F4xx_HAL_Driver/Src/stm32f4xx_hal_ltdc.o
 .debug_line    0x0000000000008ac8      0xe47 ./Drivers/STM32F4xx_HAL_Driver/Src/stm32f4xx_hal_sdram.o
 .debug_line    0x000000000000990f      0xc04 ./Drivers/STM32F4xx_HAL_Driver/Src/stm32f4xx_ll_fmc.o
 .debug_line    0x000000000000a513      0xa3c ./Drivers/STM32F4xx_HAL_Driver/Src/stm32f4xx_ll_gpio.o
 .debug_line    0x000000000000af4f      0xcda ./Drivers/STM32F4xx_HAL_Driver/Src/stm32f4xx_ll_utils.o
 .debug_line    0x000000000000bc29      0xaaa ./Graphics/Src/BritannicBold18pts.o
 .debug_line    0x000000000000c6d3      0xaaa ./Graphics/Src/CenturyGothic18pts.o
 .debug_line    0x000000000000d17d     0x20f0 ./Graphics/Src/LTDC.o
 .debug_line    0x000000000000f26d      0xaaf ./Graphics/Src/TimesNewRoman18pts_Bold.o
 .debug_line    0x000000000000fd1c      0xaaa ./Graphics/Src/TimesNewRoman48pts.o
 .debug_line    0x00000000000107c6      0xaae ./Graphics/Src/TimesNewRoman8pts_Bold.o

.debug_str      0x0000000000000000    0xe2b7e
 .debug_str     0x0000000000000000    0xdd9f4 ./Core/Src/FMC_SDRAM.o
                                      0xde0cd (size before relaxing)
 .debug_str     0x00000000000dd9f4       0xa9 ./Core/Src/gpio.o
                                      0xddbe5 (size before relaxing)
 .debug_str     0x00000000000dda9d      0x28c ./Core/Src/main.o
                                      0xdde61 (size before relaxing)
 .debug_str     0x00000000000ddd29      0x31b ./Core/Src/stm32f4xx_hal_msp.o
                                      0xde26c (size before relaxing)
 .debug_str     0x00000000000de044       0xc9 ./Core/Src/stm32f4xx_it.o
                                      0xdda7c (size before relaxing)
 .debug_str     0x00000000000de10d      0x229 ./Core/Src/system_clock.o
                                      0xddd9e (size before relaxing)
 .debug_str     0x00000000000de336       0xcb ./Core/Src/system_stm32f4xx.o
                                      0xce70b (size before relaxing)
 .debug_str     0x00000000000de401       0x34 ./Core/Startup/startup_stm32f429zitx.o
                                         0xb1 (size before relaxing)
 .debug_str     0x00000000000de435      0xb71 ./Drivers/STM32F4xx_HAL_Driver/Src/stm32f4xx_hal.o
                                      0xcf32e (size before relaxing)
 .debug_str     0x00000000000defa6      0x357 ./Drivers/STM32F4xx_HAL_Driver/Src/stm32f4xx_hal_cortex.o
                                      0xcf013 (size before relaxing)
 .debug_str     0x00000000000df2fd      0x152 ./Drivers/STM32F4xx_HAL_Driver/Src/stm32f4xx_hal_gpio.o
                                      0xce886 (size before relaxing)
 .debug_str     0x00000000000df44f      0x4da ./Drivers/STM32F4xx_HAL_Driver/Src/stm32f4xx_hal_ltdc.o
                                      0xced6f (size before relaxing)
 .debug_str     0x00000000000df929      0x374 ./Drivers/STM32F4xx_HAL_Driver/Src/stm32f4xx_hal_sdram.o
                                      0xcee2b (size before relaxing)
 .debug_str     0x00000000000dfc9d      0xa38 ./Drivers/STM32F4xx_HAL_Driver/Src/stm32f4xx_ll_fmc.o
                                      0xcf2f5 (size before relaxing)
 .debug_str     0x00000000000e06d5      0x65e ./Drivers/STM32F4xx_HAL_Driver/Src/stm32f4xx_ll_gpio.o
                                      0xd02ff (size before relaxing)
 .debug_str     0x00000000000e0d33     0x1802 ./Drivers/STM32F4xx_HAL_Driver/Src/stm32f4xx_ll_utils.o
                                      0xd8a2f (size before relaxing)
 .debug_str     0x00000000000e2535      0x106 ./Graphics/Src/BritannicBold18pts.o
                                      0xddacd (size before relaxing)
 .debug_str     0x00000000000e263b      0x106 ./Graphics/Src/CenturyGothic18pts.o
                                      0xddacd (size before relaxing)
 .debug_str     0x00000000000e2741      0x275 ./Graphics/Src/LTDC.o
                                      0xde2bb (size before relaxing)
 .debug_str     0x00000000000e29b6       0x9a ./Graphics/Src/TimesNewRoman18pts_Bold.o
                                      0xddad2 (size before relaxing)
 .debug_str     0x00000000000e2a50       0x95 ./Graphics/Src/TimesNewRoman48pts.o
                                      0xddacd (size before relaxing)
 .debug_str     0x00000000000e2ae5       0x99 ./Graphics/Src/TimesNewRoman8pts_Bold.o
                                      0xddacd (size before relaxing)

.debug_frame    0x0000000000000000     0x2658
 .debug_frame   0x0000000000000000       0x60 ./Core/Src/FMC_SDRAM.o
 .debug_frame   0x0000000000000060       0x88 ./Core/Src/gpio.o
 .debug_frame   0x00000000000000e8      0x130 ./Core/Src/main.o
 .debug_frame   0x0000000000000218      0x108 ./Core/Src/stm32f4xx_hal_msp.o
 .debug_frame   0x0000000000000320      0x104 ./Core/Src/stm32f4xx_it.o
 .debug_frame   0x0000000000000424      0x2d8 ./Core/Src/system_clock.o
 .debug_frame   0x00000000000006fc       0x58 ./Core/Src/system_stm32f4xx.o
 .debug_frame   0x0000000000000754      0x3b4 ./Drivers/STM32F4xx_HAL_Driver/Src/stm32f4xx_hal.o
 .debug_frame   0x0000000000000b08      0x498 ./Drivers/STM32F4xx_HAL_Driver/Src/stm32f4xx_hal_cortex.o
 .debug_frame   0x0000000000000fa0      0x14c ./Drivers/STM32F4xx_HAL_Driver/Src/stm32f4xx_hal_gpio.o
 .debug_frame   0x00000000000010ec      0x61c ./Drivers/STM32F4xx_HAL_Driver/Src/stm32f4xx_hal_ltdc.o
 .debug_frame   0x0000000000001708      0x3e8 ./Drivers/STM32F4xx_HAL_Driver/Src/stm32f4xx_hal_sdram.o
 .debug_frame   0x0000000000001af0      0x440 ./Drivers/STM32F4xx_HAL_Driver/Src/stm32f4xx_ll_fmc.o
 .debug_frame   0x0000000000001f30      0x1c0 ./Drivers/STM32F4xx_HAL_Driver/Src/stm32f4xx_ll_gpio.o
 .debug_frame   0x00000000000020f0      0x418 ./Drivers/STM32F4xx_HAL_Driver/Src/stm32f4xx_ll_utils.o
 .debug_frame   0x0000000000002508      0x124 ./Graphics/Src/LTDC.o
 .debug_frame   0x000000000000262c       0x2c C:/ST/STM32CubeIDE_1.13.0/STM32CubeIDE/plugins/com.st.stm32cube.ide.mcu.externaltools.gnu-tools-for-stm32.11.3.rel1.win32_1.1.0.202305231506/tools/bin/../lib/gcc/arm-none-eabi/11.3.1/../../../../arm-none-eabi/lib/thumb/v7e-m+fp/hard\libc_nano.a(libc_a-init.o)

.debug_line_str
                0x0000000000000000       0xa5
 .debug_line_str
                0x0000000000000000       0xa5 ./Core/Startup/startup_stm32f429zitx.o
                                         0xbd (size before relaxing)
